exports[`The Dots component renders without exploding 1`] = `
<ul
  className="list">
  <li
    className="item">
    <button
      className="button"
      onClick={[Function]}>
      â€¢
    </button>
  </li>
</ul>
`;
